CWD: D:\MinorProject\intellicampus-ai-insights\backend
Looking for .env at: D:\MinorProject\intellicampus-ai-insights\backend\.env
.env file exists
Found 'GEMINI_API_KEY' in .env file
Key appears to have a value (length: 39)
Γ£à Key starts with 'AIza'
Testing Gemini API connection...
Sending request...
Γ¥î Error: [GoogleGenerativeAI Error]: Error fetching from https://generativelanguage.googleapis.com/v1beta/models/gemini-pro:generateContent: [404 Not Found] models/gemini-pro is not found for API version v1beta, or is not supported for generateContent. Call ListModels to see the list of available models and their supported methods.
